<131>Mar  5 02:10:12 web-07 payments[4471]: TLS handshake aborted by peer [tid=8f2c91aa04bd77e35c1d6b0392ef4a18] took=4.775s
<134>Jul 12 18:44:03 api-02 checkout[992]: order placed successfully [tid=c41d9a7e6b28f05134ae8d90bb17e2c6] took=0.234s
<27>Jun 30 12:00:00 db-01 postgres[8812]: connection pool exhausted [tid=aabbccddeeff00112233445566778899] took=890ms
10.14.2.9 - - [22/Jul/2026:09:15:44 +0500] "GET /api/v2/orders HTTP/1.1" 503 812 "-" "curl/8.4.0" rt=7.881
192.168.4.31 - - [03/Jun/2026:23:58:01 +0000] "POST /login HTTP/1.1" 401 233 "-" "Mozilla/5.0" rt=0.052
172.16.9.4 - - [11/Jul/2026:16:20:37 +0900] "GET /health HTTP/1.1" 200 15 "-" "kube-probe/1.29" rt=0.003
ts=1780543196 level=warn service=inventory msg="stock below threshold" trace=7f3b1c2d4e5a6b8c9d0e1f2a3b4c5d6e latency=340ms
ts=1782991457 level=err service=auth msg="token signature invalid" latency=12ms
ts=1781205600 level=info service=cdn msg="cache purged" trace=0f1e2d3c4b5a69788796a5b4c3d2e1f0 latency=1.2s
2026-06-18 14:22:09,331 ERROR [payment-worker-3] c.a.p.RefundService - refund gateway timeout traceId=b2e4f6a8c0d2e4f6a8b0c2d4e6f8a0b2 elapsed=2140ms
2026-07-04 07:01:55,002 WARN  [scheduler-1] c.a.s.CronRunner - job skipped, previous still running elapsed=8ms
{"time":"2026-06-29T11:07:33.482Z","severity":"NOTICE","container":"notifications","message":"retry queue drained","trace_id":"1a2b3c4d5e6f708192a3b4c5d6e7f809","duration_us":455000}
{"time":1783402811,"severity":"CRITICAL","container":"billing","message":"ledger write failed","duration_us":9120000}
[2026-07-15T03:44:12+05:00] [FATAL] [search-indexer] shard replication halted (tid=e9d8c7b6a5f4e3d2c1b0a9f8e7d6c5b4) 15.2s
[2026-06-02T21:30:00-08:00] [debug] [metrics-agent] scrape cycle complete 87ms
[2026-07-09T13:12:45Z] [INFO] [session-svc] session refreshed 42ms
2026-07-20 10:15:00,123 ERROR [worker-9] c.a.JobRunner - java.lang.NullPointerException
Jul 21 08:00:01 host kernel: [12345.678901] eth0: link down
<134>Jul 12 18:44:0
{"ts":"2026-07-25T05:00:00Z","lvl":"warning","svc":"gateway","msg":"upstream slow","rt_ms":1500}
